// Vitest Snapshot v1, https://vitest.dev/guide/snapshot.html

exports[`assessValidity > marks every bundled validity scale 1`] = `
[
  "Методика выявления склонности к суицидальным реакциям (CP-45)",
  "Методика исследования виктимного поведения",
  "Методика оценки нервно-психической устойчивости (Прогноз-2)",
  "Многоуровневый личностный опросник "Адаптивность" (МЛО-АМ)",
  "Сокращенный многофакторный опросник для исследования личности (Мини-мульт)",
]
`;
